// Jest Snapshot v1, https://goo.gl/fbAQLP

exports[`Course test cases Course render check 1`] = `
<DocumentFragment>
  <section
    class="css-14vkd5a"
  >
    <section
      class="css-1hmyl2j"
    >
      <a
        class="css-1bfv7nh"
        href="/hands-on-reactjs"
      >
        <span
          style="box-sizing: border-box; display: inline-block; overflow: hidden; background: none; opacity: 1; border: 0px; margin: 0px; padding: 0px; position: relative; max-width: 100%;"
        >
          <span
            style="box-sizing: border-box; display: block; background: none; opacity: 1; border: 0px; margin: 0px; padding: 0px; max-width: 100%;"
          >
            <img
              alt=""
              aria-hidden="true"
              src="data:image/svg+xml,%3csvg%20xmlns=%27http://www.w3.org/2000/svg%27%20version=%271.1%27%20width=%271368%27%20height=%27770%27/%3e"
              style="display: block; max-width: 100%; background: none; opacity: 1; border: 0px; margin: 0px; padding: 0px;"
            />
          </span>
          <img
            alt="cover image"
            data-nimg="intrinsic"
            decoding="async"
            src="data:image/gif;base64,R0lGODlhAQABAIAAAAAAAP///yH5BAEAAAAALAAAAAABAAEAAAIBRAA7"
            style="border-radius: 20px; position: absolute; top: 0px; left: 0px; bottom: 0px; right: 0px; box-sizing: border-box; padding: 0px; margin: auto; display: block; width: 0px; height: 0px; min-width: 100%; max-width: 100%; min-height: 100%; max-height: 100%;"
          />
          <noscript />
        </span>
        <header
          class="css-1t0iimj"
        >
          Hands-On React. Build advanced React JS Frontend with expert
        </header>
      </a>
      React is the most popular library for building frontend web applications. Step-by-step by diving into all the basics, I'll introduce you to advanced concepts as well. We'll build the minesweeper application from scratch We'll build the minesweeper application from scratch:
      <ul>
        <li>
          setup of the development environment
        </li>
        <li>
          configuration of the React JS app
        </li>
        <li>
          basic algorithms of Minesweeper
        </li>
      </ul>
    </section>
  </section>
</DocumentFragment>
`;
